// Jest Snapshot v1, https://goo.gl/fbAQLP

exports[`renders correctly 1`] = `
<View
  style={
    Array [
      Object {
        "marginBottom": 10,
      },
      undefined,
    ]
  }
>
  <View
    style={
      Object {
        "position": "relative",
      }
    }
  >
    <View
      style={
        Array [
          Object {
            "alignSelf": "stretch",
          },
          Object {
            "backgroundColor": "#ffffff",
            "borderColor": "#cbcbcc",
            "borderRadius": 24,
            "borderWidth": 1,
            "flexGrow": 1,
            "height": 36,
            "justifyContent": "center",
          },
        ]
      }
    >
      <View
        accessible={true}
        focusable={true}
        onClick={[Function]}
        onResponderGrant={[Function]}
        onResponderMove={[Function]}
        onResponderRelease={[Function]}
        onResponderTerminate={[Function]}
        onResponderTerminationRequest={[Function]}
        onStartShouldSetResponder={[Function]}
        style={
          Object {
            "opacity": 1,
          }
        }
        testID="ios_touchable_wrapper"
      >
        <View
          pointerEvents="box-only"
        >
          <TextInput
            allowFontScaling={true}
            editable={false}
            rejectResponderTermination={true}
            style={
              Object {
                "backgroundColor": "transparent",
                "color": "#9ca2a8",
                "fontFamily": "System",
                "fontSize": 14,
                "fontWeight": "400",
                "paddingHorizontal": 8,
                "textAlign": "center",
              }
            }
            testID="text_input"
            underlineColorAndroid="transparent"
          />
        </View>
      </View>
      <Modal
        hardwareAccelerated={false}
        onOrientationChange={[Function]}
        supportedOrientations={
          Array [
            "portrait",
            "landscape",
          ]
        }
        testID="ios_modal"
        transparent={true}
        visible={false}
      >
        <View
          accessible={true}
          focusable={true}
          onClick={[Function]}
          onResponderGrant={[Function]}
          onResponderMove={[Function]}
          onResponderRelease={[Function]}
          onResponderTerminate={[Function]}
          onResponderTerminationRequest={[Function]}
          onStartShouldSetResponder={[Function]}
          style={
            Object {
              "flex": 1,
              "opacity": 1,
            }
          }
          testID="ios_modal_top"
        />
        <View
          style={
            Array [
              Object {
                "alignItems": "center",
                "backgroundColor": "#f8f8f8",
                "borderTopColor": "#dedede",
                "borderTopWidth": 1,
                "flexDirection": "row",
                "height": 45,
                "justifyContent": "space-between",
                "paddingHorizontal": 10,
                "zIndex": 2,
              },
              undefined,
            ]
          }
          testID="input_accessory_view"
        >
          <View
            style={
              Array [
                Object {
                  "flexDirection": "row",
                },
                undefined,
              ]
            }
          >
            <View
              accessible={true}
              focusable={true}
              onClick={[Function]}
              onResponderGrant={[Function]}
              onResponderMove={[Function]}
              onResponderRelease={[Function]}
              onResponderTerminate={[Function]}
              onResponderTerminationRequest={[Function]}
              onStartShouldSetResponder={[Function]}
              style={
                Object {
                  "opacity": 1,
                }
              }
            >
              <View
                style={
                  Array [
                    Object {
                      "backgroundColor": "transparent",
                      "borderColor": "#a1a1a1",
                      "borderRightWidth": 1.5,
                      "borderTopWidth": 1.5,
                      "height": 15,
                      "width": 15,
                    },
                    undefined,
                    Object {
                      "marginLeft": 11,
                      "transform": Array [
                        Object {
                          "translateY": 4,
                        },
                        Object {
                          "rotate": "-45deg",
                        },
                      ],
                    },
                    undefined,
                    Object {},
                  ]
                }
              />
            </View>
            <View
              accessible={true}
              focusable={true}
              onClick={[Function]}
              onResponderGrant={[Function]}
              onResponderMove={[Function]}
              onResponderRelease={[Function]}
              onResponderTerminate={[Function]}
              onResponderTerminationRequest={[Function]}
              onStartShouldSetResponder={[Function]}
              style={
                Object {
                  "opacity": 1,
                }
              }
            >
              <View
                style={
                  Array [
                    Object {
                      "backgroundColor": "transparent",
                      "borderColor": "#a1a1a1",
                      "borderRightWidth": 1.5,
                      "borderTopWidth": 1.5,
                      "height": 15,
                      "width": 15,
                    },
                    undefined,
                    Object {
                      "marginLeft": 22,
                      "transform": Array [
                        Object {
                          "translateY": -5,
                        },
                        Object {
                          "rotate": "135deg",
                        },
                      ],
                    },
                    undefined,
                    Object {},
                  ]
                }
              />
            </View>
          </View>
          <View
            accessible={true}
            focusable={true}
            hitSlop={
              Object {
                "bottom": 4,
                "left": 4,
                "right": 4,
                "top": 4,
              }
            }
            onClick={[Function]}
            onResponderGrant={[Function]}
            onResponderMove={[Function]}
            onResponderRelease={[Function]}
            onResponderTerminate={[Function]}
            onResponderTerminationRequest={[Function]}
            onStartShouldSetResponder={[Function]}
            style={
              Object {
                "opacity": 1,
              }
            }
            testID="done_button"
          >
            <View
              testID="needed_for_touchable"
            >
              <Text
                allowFontScaling={false}
                style={
                  Array [
                    Object {
                      "color": "#007aff",
                      "fontSize": 17,
                      "fontWeight": "600",
                      "paddingRight": 11,
                      "paddingTop": 1,
                    },
                    undefined,
                    Object {},
                  ]
                }
                testID="done_text"
              >
                Done
              </Text>
            </View>
          </View>
        </View>
        <View
          style={
            Array [
              Object {
                "backgroundColor": "#d0d4da",
                "justifyContent": "center",
              },
              Object {
                "height": 215,
              },
              undefined,
            ]
          }
        >
          <View>
            <RNCPicker
              items={Array []}
              onChange={[Function]}
              selectedIndex={0}
              style={
                Array [
                  Object {
                    "height": 216,
                  },
                  undefined,
                ]
              }
              testID="ios_picker"
            />
          </View>
        </View>
      </Modal>
    </View>
    <Text
      allowFontScaling={false}
      style={
        Array [
          Object {
            "color": "#efc455",
            "fontSize": 20,
          },
          Object {
            "paddingVertical": 8,
            "position": "absolute",
            "right": 12,
          },
          Object {
            "fontFamily": undefined,
            "fontStyle": "normal",
            "fontWeight": "normal",
          },
          Object {
            "fontWeight": "900",
          },
        ]
      }
    >
      ÔÅ∏
    </Text>
  </View>
</View>
`;
